====================
Type='ASSIGN_FIELD_NULLABLE', message='assigning @Nullable expression to @NonNull field'
/home/nima/Developer/nullness-benchmarks/conductor/core/src/main/java/com/netflix/conductor/core/execution/mapper/TaskMapperContext.java:45
        taskId = builder.taskId;
Log:
---NullAway.lambda$resolveRemainingErrors$17---
==============================
---NullAway.lambda$resolveRemainingErrors$17---
1 : TOP LEVEL CALL TO FIX ERROR: Type='ASSIGN_FIELD_NULLABLE', message='assigning @Nullable expression to @NonNull field'
/home/nima/Developer/nullness-benchmarks/conductor/core/src/main/java/com/netflix/conductor/core/execution/mapper/TaskMapperContext.java:45
        taskId = builder.taskId;
---AdvancedNullAwayCodeFix.fix---
Fixing error: Type='ASSIGN_FIELD_NULLABLE', message='assigning @Nullable expression to @NonNull field'
/home/nima/Developer/nullness-benchmarks/conductor/core/src/main/java/com/netflix/conductor/core/execution/mapper/TaskMapperContext.java:45
        taskId = builder.taskId;
---AdvancedNullAwayCodeFix.resolveAssignFieldNullableError---
Resolving assign field nullable error.
---AdvancedNullAwayCodeFix.resolveAssignFieldNullableError---
Making the field nullable.
---AdvancedNullAwayCodeFix.resolveAssignFieldNullableError---
Adding all triggered annotations.
---AdvancedNullAwayCodeFix.resolveAssignFieldNullableError---
Resolving unresolvable errors.
